// Jest Snapshot v1, https://goo.gl/fbAQLP

exports[`Footer Should render Footer 1`] = `
<div>
  <div
    class="makeStyles-root-1"
  >
    <header
      class="MuiPaper-root MuiAppBar-root MuiAppBar-positionStatic MuiAppBar-colorPrimary MuiPaper-elevation4"
    >
      <div
        class="MuiToolbar-root MuiToolbar-regular MuiToolbar-gutters"
      />
    </header>
  </div>
</div>
`;
